// Jest Snapshot v1, https://goo.gl/fbAQLP

exports[`upload dataTypeï¼šarray 1`] = `
[MockFunction] {
  "calls": Array [
    Array [
      Object {
        "method": "get",
        "url": "",
      },
    ],
    Array [
      Object {
        "data": Object {
          "image": Array [
            "1.jpg",
            "2.jpg",
          ],
        },
        "loading": true,
        "method": "POST",
        "url": "",
      },
    ],
  ],
  "results": Array [
    Object {
      "type": "return",
      "value": Promise {
        "reject": [Function],
        "resolve": [Function],
      },
    },
    Object {
      "type": "return",
      "value": Promise {
        "reject": [Function],
        "resolve": [Function],
      },
    },
  ],
}
`;

exports[`upload max 1`] = `
[MockFunction] {
  "calls": Array [
    Array [
      Object {
        "method": "get",
        "url": "",
      },
    ],
  ],
  "results": Array [
    Object {
      "type": "return",
      "value": Promise {
        "reject": [Function],
        "resolve": [Function],
      },
    },
  ],
}
`;

exports[`upload multiple: load and submit 1`] = `
[MockFunction] {
  "calls": Array [
    Array [
      Object {
        "method": "get",
        "url": "",
      },
    ],
    Array [
      Object {
        "data": Object {
          "image": Array [
            Object {
              "url": "1.jpg",
            },
            Object {
              "url": "2.jpg",
            },
          ],
        },
        "loading": true,
        "method": "POST",
        "url": "",
      },
    ],
  ],
  "results": Array [
    Object {
      "type": "return",
      "value": Promise {
        "reject": [Function],
        "resolve": [Function],
      },
    },
    Object {
      "type": "return",
      "value": Promise {
        "reject": [Function],
        "resolve": [Function],
      },
    },
  ],
}
`;

exports[`upload multiple: load, remove and submit 1`] = `
[MockFunction] {
  "calls": Array [
    Array [
      Object {
        "method": "get",
        "url": "",
      },
    ],
    Array [
      Object {
        "data": Object {
          "image": Array [
            Object {
              "url": "2.jpg",
            },
          ],
        },
        "loading": true,
        "method": "POST",
        "url": "",
      },
    ],
  ],
  "results": Array [
    Object {
      "type": "return",
      "value": Promise {
        "reject": [Function],
        "resolve": [Function],
      },
    },
    Object {
      "type": "return",
      "value": Promise {
        "reject": [Function],
        "resolve": [Function],
      },
    },
  ],
}
`;

exports[`upload multiple: submit 1`] = `
[MockFunction] {
  "calls": Array [
    Array [
      Object {
        "data": Object {
          "image": Array [],
        },
        "loading": true,
        "method": "POST",
        "url": "",
      },
    ],
  ],
  "results": Array [
    Object {
      "type": "return",
      "value": Promise {
        "reject": [Function],
        "resolve": [Function],
      },
    },
  ],
}
`;

exports[`upload one: load and submit 1`] = `
[MockFunction] {
  "calls": Array [
    Array [
      Object {
        "method": "get",
        "url": "",
      },
    ],
    Array [
      Object {
        "data": Object {
          "image": "1.jpg",
        },
        "loading": true,
        "method": "POST",
        "url": "",
      },
    ],
  ],
  "results": Array [
    Object {
      "type": "return",
      "value": Promise {
        "reject": [Function],
        "resolve": [Function],
      },
    },
    Object {
      "type": "return",
      "value": Promise {
        "reject": [Function],
        "resolve": [Function],
      },
    },
  ],
}
`;

exports[`upload one: load, delete and submit 1`] = `
[MockFunction] {
  "calls": Array [
    Array [
      Object {
        "method": "get",
        "url": "",
      },
    ],
    Array [
      Object {
        "data": Object {
          "image": "",
        },
        "loading": true,
        "method": "POST",
        "url": "",
      },
    ],
  ],
  "results": Array [
    Object {
      "type": "return",
      "value": Promise {
        "reject": [Function],
        "resolve": [Function],
      },
    },
    Object {
      "type": "return",
      "value": Promise {
        "reject": [Function],
        "resolve": [Function],
      },
    },
  ],
}
`;

exports[`upload one: submit 1`] = `
[MockFunction] {
  "calls": Array [
    Array [
      Object {
        "data": Object {
          "image": "",
        },
        "loading": true,
        "method": "POST",
        "url": "",
      },
    ],
  ],
  "results": Array [
    Object {
      "type": "return",
      "value": Promise {
        "reject": [Function],
        "resolve": [Function],
      },
    },
  ],
}
`;
